---
source: src/tests/error.rs
expression: err_fmt
---
[31m[1mParse Error[0m - Expected 'esac' after case block
  [36m[1m->[0m [[36m[1m1[0m;[36m[1m1[0m]
[36m[1m  |[0m
[36m[1m1 |[0m case foo in foo) bar;; bar) foo;;
[36m[1m  |[0m [31m[1m^^^^^^^^^^^^^^^^^^^^^^^^^^^^^^^^^[0m
[36m[1m  |[0m
