---
source: src/tests/parser.rs
expression: nodes
---
[
    Ok(
        Node {
            class: Conjunction {
                elements: [
                    ConjunctNode {
                        cmd: Node {
                            class: CaseNode {
                                pattern: Tk {
                                    class: Str,
                                    span: Span {
                                        range: 5..8,
                                        source: "case foo in foo) bar;; bar) foo;; biz) baz;; esac",
                                    },
                                    flags: TkFlags(
                                        0x0,
                                    ),
                                },
                                case_blocks: [
                                    CaseNode {
                                        pattern: Tk {
                                            class: CasePattern,
                                            span: Span {
                                                range: 12..16,
                                                source: "case foo in foo) bar;; bar) foo;; biz) baz;; esac",
                                            },
                                            flags: TkFlags(
                                                0x0,
                                            ),
                                        },
                                        body: [
                                            Node {
                                                class: Pipeline {
                                                    cmds: [
                                                        Node {
                                                            class: Command {
                                                                assignments: [],
                                                                argv: [
                                                                    Tk {
                                                                        class: Str,
                                                                        span: Span {
                                                                            range: 17..20,
                                                                            source: "case foo in foo) bar;; bar) foo;; biz) baz;; esac",
                                                                        },
                                                                        flags: TkFlags(
                                                                            IS_CMD,
                                                                        ),
                                                                    },
                                                                ],
                                                            },
                                                            flags: NdFlags(
                                                                0x0,
                                                            ),
                                                            redirs: [],
                                                            tokens: [
                                                                Tk {
                                                                    class: Str,
                                                                    span: Span {
                                                                        range: 17..20,
                                                                        source: "case foo in foo) bar;; bar) foo;; biz) baz;; esac",
                                                                    },
                                                                    flags: TkFlags(
                                                                        IS_CMD,
                                                                    ),
                                                                },
                                                                Tk {
                                                                    class: Sep,
                                                                    span: Span {
                                                                        range: 20..23,
                                                                        source: "case foo in foo) bar;; bar) foo;; biz) baz;; esac",
                                                                    },
                                                                    flags: TkFlags(
                                                                        0x0,
                                                                    ),
                                                                },
                                                            ],
                                                        },
                                                    ],
                                                    pipe_err: false,
                                                },
                                                flags: NdFlags(
                                                    0x0,
                                                ),
                                                redirs: [],
                                                tokens: [
                                                    Tk {
                                                        class: Str,
                                                        span: Span {
                                                            range: 17..20,
                                                            source: "case foo in foo) bar;; bar) foo;; biz) baz;; esac",
                                                        },
                                                        flags: TkFlags(
                                                            IS_CMD,
                                                        ),
                                                    },
                                                    Tk {
                                                        class: Sep,
                                                        span: Span {
                                                            range: 20..23,
                                                            source: "case foo in foo) bar;; bar) foo;; biz) baz;; esac",
                                                        },
                                                        flags: TkFlags(
                                                            0x0,
                                                        ),
                                                    },
                                                ],
                                            },
                                        ],
                                    },
                                    CaseNode {
                                        pattern: Tk {
                                            class: CasePattern,
                                            span: Span {
                                                range: 23..27,
                                                source: "case foo in foo) bar;; bar) foo;; biz) baz;; esac",
                                            },
                                            flags: TkFlags(
                                                0x0,
                                            ),
                                        },
                                        body: [
                                            Node {
                                                class: Pipeline {
                                                    cmds: [
                                                        Node {
                                                            class: Command {
                                                                assignments: [],
                                                                argv: [
                                                                    Tk {
                                                                        class: Str,
                                                                        span: Span {
                                                                            range: 28..31,
                                                                            source: "case foo in foo) bar;; bar) foo;; biz) baz;; esac",
                                                                        },
                                                                        flags: TkFlags(
                                                                            IS_CMD,
                                                                        ),
                                                                    },
                                                                ],
                                                            },
                                                            flags: NdFlags(
                                                                0x0,
                                                            ),
                                                            redirs: [],
                                                            tokens: [
                                                                Tk {
                                                                    class: Str,
                                                                    span: Span {
                                                                        range: 28..31,
                                                                        source: "case foo in foo) bar;; bar) foo;; biz) baz;; esac",
                                                                    },
                                                                    flags: TkFlags(
                                                                        IS_CMD,
                                                                    ),
                                                                },
                                                                Tk {
                                                                    class: Sep,
                                                                    span: Span {
                                                                        range: 31..34,
                                                                        source: "case foo in foo) bar;; bar) foo;; biz) baz;; esac",
                                                                    },
                                                                    flags: TkFlags(
                                                                        0x0,
                                                                    ),
                                                                },
                                                            ],
                                                        },
                                                    ],
                                                    pipe_err: false,
                                                },
                                                flags: NdFlags(
                                                    0x0,
                                                ),
                                                redirs: [],
                                                tokens: [
                                                    Tk {
                                                        class: Str,
                                                        span: Span {
                                                            range: 28..31,
                                                            source: "case foo in foo) bar;; bar) foo;; biz) baz;; esac",
                                                        },
                                                        flags: TkFlags(
                                                            IS_CMD,
                                                        ),
                                                    },
                                                    Tk {
                                                        class: Sep,
                                                        span: Span {
                                                            range: 31..34,
                                                            source: "case foo in foo) bar;; bar) foo;; biz) baz;; esac",
                                                        },
                                                        flags: TkFlags(
                                                            0x0,
                                                        ),
                                                    },
                                                ],
                                            },
                                        ],
                                    },
                                    CaseNode {
                                        pattern: Tk {
                                            class: CasePattern,
                                            span: Span {
                                                range: 34..38,
                                                source: "case foo in foo) bar;; bar) foo;; biz) baz;; esac",
                                            },
                                            flags: TkFlags(
                                                0x0,
                                            ),
                                        },
                                        body: [
                                            Node {
                                                class: Pipeline {
                                                    cmds: [
                                                        Node {
                                                            class: Command {
                                                                assignments: [],
                                                                argv: [
                                                                    Tk {
                                                                        class: Str,
                                                                        span: Span {
                                                                            range: 39..42,
                                                                            source: "case foo in foo) bar;; bar) foo;; biz) baz;; esac",
                                                                        },
                                                                        flags: TkFlags(
                                                                            IS_CMD,
                                                                        ),
                                                                    },
                                                                ],
                                                            },
                                                            flags: NdFlags(
                                                                0x0,
                                                            ),
                                                            redirs: [],
                                                            tokens: [
                                                                Tk {
                                                                    class: Str,
                                                                    span: Span {
                                                                        range: 39..42,
                                                                        source: "case foo in foo) bar;; bar) foo;; biz) baz;; esac",
                                                                    },
                                                                    flags: TkFlags(
                                                                        IS_CMD,
                                                                    ),
                                                                },
                                                                Tk {
                                                                    class: Sep,
                                                                    span: Span {
                                                                        range: 42..45,
                                                                        source: "case foo in foo) bar;; bar) foo;; biz) baz;; esac",
                                                                    },
                                                                    flags: TkFlags(
                                                                        0x0,
                                                                    ),
                                                                },
                                                            ],
                                                        },
                                                    ],
                                                    pipe_err: false,
                                                },
                                                flags: NdFlags(
                                                    0x0,
                                                ),
                                                redirs: [],
                                                tokens: [
                                                    Tk {
                                                        class: Str,
                                                        span: Span {
                                                            range: 39..42,
                                                            source: "case foo in foo) bar;; bar) foo;; biz) baz;; esac",
                                                        },
                                                        flags: TkFlags(
                                                            IS_CMD,
                                                        ),
                                                    },
                                                    Tk {
                                                        class: Sep,
                                                        span: Span {
                                                            range: 42..45,
                                                            source: "case foo in foo) bar;; bar) foo;; biz) baz;; esac",
                                                        },
                                                        flags: TkFlags(
                                                            0x0,
                                                        ),
                                                    },
                                                ],
                                            },
                                        ],
                                    },
                                ],
                            },
                            flags: NdFlags(
                                0x0,
                            ),
                            redirs: [],
                            tokens: [
                                Tk {
                                    class: Str,
                                    span: Span {
                                        range: 0..4,
                                        source: "case foo in foo) bar;; bar) foo;; biz) baz;; esac",
                                    },
                                    flags: TkFlags(
                                        KEYWORD,
                                    ),
                                },
                                Tk {
                                    class: Str,
                                    span: Span {
                                        range: 5..8,
                                        source: "case foo in foo) bar;; bar) foo;; biz) baz;; esac",
                                    },
                                    flags: TkFlags(
                                        0x0,
                                    ),
                                },
                                Tk {
                                    class: Str,
                                    span: Span {
                                        range: 9..11,
                                        source: "case foo in foo) bar;; bar) foo;; biz) baz;; esac",
                                    },
                                    flags: TkFlags(
                                        KEYWORD,
                                    ),
                                },
                                Tk {
                                    class: CasePattern,
                                    span: Span {
                                        range: 12..16,
                                        source: "case foo in foo) bar;; bar) foo;; biz) baz;; esac",
                                    },
                                    flags: TkFlags(
                                        0x0,
                                    ),
                                },
                                Tk {
                                    class: Str,
                                    span: Span {
                                        range: 17..20,
                                        source: "case foo in foo) bar;; bar) foo;; biz) baz;; esac",
                                    },
                                    flags: TkFlags(
                                        IS_CMD,
                                    ),
                                },
                                Tk {
                                    class: Sep,
                                    span: Span {
                                        range: 20..23,
                                        source: "case foo in foo) bar;; bar) foo;; biz) baz;; esac",
                                    },
                                    flags: TkFlags(
                                        0x0,
                                    ),
                                },
                                Tk {
                                    class: CasePattern,
                                    span: Span {
                                        range: 23..27,
                                        source: "case foo in foo) bar;; bar) foo;; biz) baz;; esac",
                                    },
                                    flags: TkFlags(
                                        0x0,
                                    ),
                                },
                                Tk {
                                    class: Str,
                                    span: Span {
                                        range: 28..31,
                                        source: "case foo in foo) bar;; bar) foo;; biz) baz;; esac",
                                    },
                                    flags: TkFlags(
                                        IS_CMD,
                                    ),
                                },
                                Tk {
                                    class: Sep,
                                    span: Span {
                                        range: 31..34,
                                        source: "case foo in foo) bar;; bar) foo;; biz) baz;; esac",
                                    },
                                    flags: TkFlags(
                                        0x0,
                                    ),
                                },
                                Tk {
                                    class: CasePattern,
                                    span: Span {
                                        range: 34..38,
                                        source: "case foo in foo) bar;; bar) foo;; biz) baz;; esac",
                                    },
                                    flags: TkFlags(
                                        0x0,
                                    ),
                                },
                                Tk {
                                    class: Str,
                                    span: Span {
                                        range: 39..42,
                                        source: "case foo in foo) bar;; bar) foo;; biz) baz;; esac",
                                    },
                                    flags: TkFlags(
                                        IS_CMD,
                                    ),
                                },
                                Tk {
                                    class: Sep,
                                    span: Span {
                                        range: 42..45,
                                        source: "case foo in foo) bar;; bar) foo;; biz) baz;; esac",
                                    },
                                    flags: TkFlags(
                                        0x0,
                                    ),
                                },
                                Tk {
                                    class: Str,
                                    span: Span {
                                        range: 45..49,
                                        source: "case foo in foo) bar;; bar) foo;; biz) baz;; esac",
                                    },
                                    flags: TkFlags(
                                        KEYWORD,
                                    ),
                                },
                            ],
                        },
                        operator: Null,
                    },
                ],
            },
            flags: NdFlags(
                0x0,
            ),
            redirs: [],
            tokens: [
                Tk {
                    class: Str,
                    span: Span {
                        range: 0..4,
                        source: "case foo in foo) bar;; bar) foo;; biz) baz;; esac",
                    },
                    flags: TkFlags(
                        KEYWORD,
                    ),
                },
                Tk {
                    class: Str,
                    span: Span {
                        range: 5..8,
                        source: "case foo in foo) bar;; bar) foo;; biz) baz;; esac",
                    },
                    flags: TkFlags(
                        0x0,
                    ),
                },
                Tk {
                    class: Str,
                    span: Span {
                        range: 9..11,
                        source: "case foo in foo) bar;; bar) foo;; biz) baz;; esac",
                    },
                    flags: TkFlags(
                        KEYWORD,
                    ),
                },
                Tk {
                    class: CasePattern,
                    span: Span {
                        range: 12..16,
                        source: "case foo in foo) bar;; bar) foo;; biz) baz;; esac",
                    },
                    flags: TkFlags(
                        0x0,
                    ),
                },
                Tk {
                    class: Str,
                    span: Span {
                        range: 17..20,
                        source: "case foo in foo) bar;; bar) foo;; biz) baz;; esac",
                    },
                    flags: TkFlags(
                        IS_CMD,
                    ),
                },
                Tk {
                    class: Sep,
                    span: Span {
                        range: 20..23,
                        source: "case foo in foo) bar;; bar) foo;; biz) baz;; esac",
                    },
                    flags: TkFlags(
                        0x0,
                    ),
                },
                Tk {
                    class: CasePattern,
                    span: Span {
                        range: 23..27,
                        source: "case foo in foo) bar;; bar) foo;; biz) baz;; esac",
                    },
                    flags: TkFlags(
                        0x0,
                    ),
                },
                Tk {
                    class: Str,
                    span: Span {
                        range: 28..31,
                        source: "case foo in foo) bar;; bar) foo;; biz) baz;; esac",
                    },
                    flags: TkFlags(
                        IS_CMD,
                    ),
                },
                Tk {
                    class: Sep,
                    span: Span {
                        range: 31..34,
                        source: "case foo in foo) bar;; bar) foo;; biz) baz;; esac",
                    },
                    flags: TkFlags(
                        0x0,
                    ),
                },
                Tk {
                    class: CasePattern,
                    span: Span {
                        range: 34..38,
                        source: "case foo in foo) bar;; bar) foo;; biz) baz;; esac",
                    },
                    flags: TkFlags(
                        0x0,
                    ),
                },
                Tk {
                    class: Str,
                    span: Span {
                        range: 39..42,
                        source: "case foo in foo) bar;; bar) foo;; biz) baz;; esac",
                    },
                    flags: TkFlags(
                        IS_CMD,
                    ),
                },
                Tk {
                    class: Sep,
                    span: Span {
                        range: 42..45,
                        source: "case foo in foo) bar;; bar) foo;; biz) baz;; esac",
                    },
                    flags: TkFlags(
                        0x0,
                    ),
                },
                Tk {
                    class: Str,
                    span: Span {
                        range: 45..49,
                        source: "case foo in foo) bar;; bar) foo;; biz) baz;; esac",
                    },
                    flags: TkFlags(
                        KEYWORD,
                    ),
                },
            ],
        },
    ),
]
