---
source: src/tests/parser.rs
expression: nodes
---
[
    Ok(
        Node {
            class: Conjunction {
                elements: [
                    ConjunctNode {
                        cmd: Node {
                            class: Pipeline {
                                cmds: [
                                    Node {
                                        class: Command {
                                            assignments: [],
                                            argv: [
                                                Tk {
                                                    class: Str,
                                                    span: Span {
                                                        range: 0..4,
                                                        source: "echo foo | sed s/foo/bar/ && echo bar | sed s/bar/foo/ || echo foo bar | sed s/foo bar/bar foo/",
                                                    },
                                                    flags: TkFlags(
                                                        IS_CMD | BUILTIN,
                                                    ),
                                                },
                                                Tk {
                                                    class: Str,
                                                    span: Span {
                                                        range: 5..8,
                                                        source: "echo foo | sed s/foo/bar/ && echo bar | sed s/bar/foo/ || echo foo bar | sed s/foo bar/bar foo/",
                                                    },
                                                    flags: TkFlags(
                                                        0x0,
                                                    ),
                                                },
                                            ],
                                        },
                                        flags: NdFlags(
                                            0x0,
                                        ),
                                        redirs: [],
                                        tokens: [
                                            Tk {
                                                class: Str,
                                                span: Span {
                                                    range: 0..4,
                                                    source: "echo foo | sed s/foo/bar/ && echo bar | sed s/bar/foo/ || echo foo bar | sed s/foo bar/bar foo/",
                                                },
                                                flags: TkFlags(
                                                    IS_CMD | BUILTIN,
                                                ),
                                            },
                                            Tk {
                                                class: Str,
                                                span: Span {
                                                    range: 5..8,
                                                    source: "echo foo | sed s/foo/bar/ && echo bar | sed s/bar/foo/ || echo foo bar | sed s/foo bar/bar foo/",
                                                },
                                                flags: TkFlags(
                                                    0x0,
                                                ),
                                            },
                                        ],
                                    },
                                    Node {
                                        class: Command {
                                            assignments: [],
                                            argv: [
                                                Tk {
                                                    class: Str,
                                                    span: Span {
                                                        range: 11..14,
                                                        source: "echo foo | sed s/foo/bar/ && echo bar | sed s/bar/foo/ || echo foo bar | sed s/foo bar/bar foo/",
                                                    },
                                                    flags: TkFlags(
                                                        IS_CMD,
                                                    ),
                                                },
                                                Tk {
                                                    class: Str,
                                                    span: Span {
                                                        range: 15..25,
                                                        source: "echo foo | sed s/foo/bar/ && echo bar | sed s/bar/foo/ || echo foo bar | sed s/foo bar/bar foo/",
                                                    },
                                                    flags: TkFlags(
                                                        0x0,
                                                    ),
                                                },
                                            ],
                                        },
                                        flags: NdFlags(
                                            0x0,
                                        ),
                                        redirs: [],
                                        tokens: [
                                            Tk {
                                                class: Str,
                                                span: Span {
                                                    range: 11..14,
                                                    source: "echo foo | sed s/foo/bar/ && echo bar | sed s/bar/foo/ || echo foo bar | sed s/foo bar/bar foo/",
                                                },
                                                flags: TkFlags(
                                                    IS_CMD,
                                                ),
                                            },
                                            Tk {
                                                class: Str,
                                                span: Span {
                                                    range: 15..25,
                                                    source: "echo foo | sed s/foo/bar/ && echo bar | sed s/bar/foo/ || echo foo bar | sed s/foo bar/bar foo/",
                                                },
                                                flags: TkFlags(
                                                    0x0,
                                                ),
                                            },
                                        ],
                                    },
                                ],
                                pipe_err: false,
                            },
                            flags: NdFlags(
                                0x0,
                            ),
                            redirs: [],
                            tokens: [
                                Tk {
                                    class: Str,
                                    span: Span {
                                        range: 0..4,
                                        source: "echo foo | sed s/foo/bar/ && echo bar | sed s/bar/foo/ || echo foo bar | sed s/foo bar/bar foo/",
                                    },
                                    flags: TkFlags(
                                        IS_CMD | BUILTIN,
                                    ),
                                },
                                Tk {
                                    class: Str,
                                    span: Span {
                                        range: 5..8,
                                        source: "echo foo | sed s/foo/bar/ && echo bar | sed s/bar/foo/ || echo foo bar | sed s/foo bar/bar foo/",
                                    },
                                    flags: TkFlags(
                                        0x0,
                                    ),
                                },
                                Tk {
                                    class: Pipe,
                                    span: Span {
                                        range: 9..10,
                                        source: "echo foo | sed s/foo/bar/ && echo bar | sed s/bar/foo/ || echo foo bar | sed s/foo bar/bar foo/",
                                    },
                                    flags: TkFlags(
                                        0x0,
                                    ),
                                },
                                Tk {
                                    class: Str,
                                    span: Span {
                                        range: 11..14,
                                        source: "echo foo | sed s/foo/bar/ && echo bar | sed s/bar/foo/ || echo foo bar | sed s/foo bar/bar foo/",
                                    },
                                    flags: TkFlags(
                                        IS_CMD,
                                    ),
                                },
                                Tk {
                                    class: Str,
                                    span: Span {
                                        range: 15..25,
                                        source: "echo foo | sed s/foo/bar/ && echo bar | sed s/bar/foo/ || echo foo bar | sed s/foo bar/bar foo/",
                                    },
                                    flags: TkFlags(
                                        0x0,
                                    ),
                                },
                            ],
                        },
                        operator: And,
                    },
                    ConjunctNode {
                        cmd: Node {
                            class: Pipeline {
                                cmds: [
                                    Node {
                                        class: Command {
                                            assignments: [],
                                            argv: [
                                                Tk {
                                                    class: Str,
                                                    span: Span {
                                                        range: 29..33,
                                                        source: "echo foo | sed s/foo/bar/ && echo bar | sed s/bar/foo/ || echo foo bar | sed s/foo bar/bar foo/",
                                                    },
                                                    flags: TkFlags(
                                                        IS_CMD | BUILTIN,
                                                    ),
                                                },
                                                Tk {
                                                    class: Str,
                                                    span: Span {
                                                        range: 34..37,
                                                        source: "echo foo | sed s/foo/bar/ && echo bar | sed s/bar/foo/ || echo foo bar | sed s/foo bar/bar foo/",
                                                    },
                                                    flags: TkFlags(
                                                        0x0,
                                                    ),
                                                },
                                            ],
                                        },
                                        flags: NdFlags(
                                            0x0,
                                        ),
                                        redirs: [],
                                        tokens: [
                                            Tk {
                                                class: Str,
                                                span: Span {
                                                    range: 29..33,
                                                    source: "echo foo | sed s/foo/bar/ && echo bar | sed s/bar/foo/ || echo foo bar | sed s/foo bar/bar foo/",
                                                },
                                                flags: TkFlags(
                                                    IS_CMD | BUILTIN,
                                                ),
                                            },
                                            Tk {
                                                class: Str,
                                                span: Span {
                                                    range: 34..37,
                                                    source: "echo foo | sed s/foo/bar/ && echo bar | sed s/bar/foo/ || echo foo bar | sed s/foo bar/bar foo/",
                                                },
                                                flags: TkFlags(
                                                    0x0,
                                                ),
                                            },
                                        ],
                                    },
                                    Node {
                                        class: Command {
                                            assignments: [],
                                            argv: [
                                                Tk {
                                                    class: Str,
                                                    span: Span {
                                                        range: 40..43,
                                                        source: "echo foo | sed s/foo/bar/ && echo bar | sed s/bar/foo/ || echo foo bar | sed s/foo bar/bar foo/",
                                                    },
                                                    flags: TkFlags(
                                                        IS_CMD,
                                                    ),
                                                },
                                                Tk {
                                                    class: Str,
                                                    span: Span {
                                                        range: 44..54,
                                                        source: "echo foo | sed s/foo/bar/ && echo bar | sed s/bar/foo/ || echo foo bar | sed s/foo bar/bar foo/",
                                                    },
                                                    flags: TkFlags(
                                                        0x0,
                                                    ),
                                                },
                                            ],
                                        },
                                        flags: NdFlags(
                                            0x0,
                                        ),
                                        redirs: [],
                                        tokens: [
                                            Tk {
                                                class: Str,
                                                span: Span {
                                                    range: 40..43,
                                                    source: "echo foo | sed s/foo/bar/ && echo bar | sed s/bar/foo/ || echo foo bar | sed s/foo bar/bar foo/",
                                                },
                                                flags: TkFlags(
                                                    IS_CMD,
                                                ),
                                            },
                                            Tk {
                                                class: Str,
                                                span: Span {
                                                    range: 44..54,
                                                    source: "echo foo | sed s/foo/bar/ && echo bar | sed s/bar/foo/ || echo foo bar | sed s/foo bar/bar foo/",
                                                },
                                                flags: TkFlags(
                                                    0x0,
                                                ),
                                            },
                                        ],
                                    },
                                ],
                                pipe_err: false,
                            },
                            flags: NdFlags(
                                0x0,
                            ),
                            redirs: [],
                            tokens: [
                                Tk {
                                    class: Str,
                                    span: Span {
                                        range: 29..33,
                                        source: "echo foo | sed s/foo/bar/ && echo bar | sed s/bar/foo/ || echo foo bar | sed s/foo bar/bar foo/",
                                    },
                                    flags: TkFlags(
                                        IS_CMD | BUILTIN,
                                    ),
                                },
                                Tk {
                                    class: Str,
                                    span: Span {
                                        range: 34..37,
                                        source: "echo foo | sed s/foo/bar/ && echo bar | sed s/bar/foo/ || echo foo bar | sed s/foo bar/bar foo/",
                                    },
                                    flags: TkFlags(
                                        0x0,
                                    ),
                                },
                                Tk {
                                    class: Pipe,
                                    span: Span {
                                        range: 38..39,
                                        source: "echo foo | sed s/foo/bar/ && echo bar | sed s/bar/foo/ || echo foo bar | sed s/foo bar/bar foo/",
                                    },
                                    flags: TkFlags(
                                        0x0,
                                    ),
                                },
                                Tk {
                                    class: Str,
                                    span: Span {
                                        range: 40..43,
                                        source: "echo foo | sed s/foo/bar/ && echo bar | sed s/bar/foo/ || echo foo bar | sed s/foo bar/bar foo/",
                                    },
                                    flags: TkFlags(
                                        IS_CMD,
                                    ),
                                },
                                Tk {
                                    class: Str,
                                    span: Span {
                                        range: 44..54,
                                        source: "echo foo | sed s/foo/bar/ && echo bar | sed s/bar/foo/ || echo foo bar | sed s/foo bar/bar foo/",
                                    },
                                    flags: TkFlags(
                                        0x0,
                                    ),
                                },
                            ],
                        },
                        operator: Or,
                    },
                    ConjunctNode {
                        cmd: Node {
                            class: Pipeline {
                                cmds: [
                                    Node {
                                        class: Command {
                                            assignments: [],
                                            argv: [
                                                Tk {
                                                    class: Str,
                                                    span: Span {
                                                        range: 58..62,
                                                        source: "echo foo | sed s/foo/bar/ && echo bar | sed s/bar/foo/ || echo foo bar | sed s/foo bar/bar foo/",
                                                    },
                                                    flags: TkFlags(
                                                        IS_CMD | BUILTIN,
                                                    ),
                                                },
                                                Tk {
                                                    class: Str,
                                                    span: Span {
                                                        range: 63..66,
                                                        source: "echo foo | sed s/foo/bar/ && echo bar | sed s/bar/foo/ || echo foo bar | sed s/foo bar/bar foo/",
                                                    },
                                                    flags: TkFlags(
                                                        0x0,
                                                    ),
                                                },
                                                Tk {
                                                    class: Str,
                                                    span: Span {
                                                        range: 67..70,
                                                        source: "echo foo | sed s/foo/bar/ && echo bar | sed s/bar/foo/ || echo foo bar | sed s/foo bar/bar foo/",
                                                    },
                                                    flags: TkFlags(
                                                        0x0,
                                                    ),
                                                },
                                            ],
                                        },
                                        flags: NdFlags(
                                            0x0,
                                        ),
                                        redirs: [],
                                        tokens: [
                                            Tk {
                                                class: Str,
                                                span: Span {
                                                    range: 58..62,
                                                    source: "echo foo | sed s/foo/bar/ && echo bar | sed s/bar/foo/ || echo foo bar | sed s/foo bar/bar foo/",
                                                },
                                                flags: TkFlags(
                                                    IS_CMD | BUILTIN,
                                                ),
                                            },
                                            Tk {
                                                class: Str,
                                                span: Span {
                                                    range: 63..66,
                                                    source: "echo foo | sed s/foo/bar/ && echo bar | sed s/bar/foo/ || echo foo bar | sed s/foo bar/bar foo/",
                                                },
                                                flags: TkFlags(
                                                    0x0,
                                                ),
                                            },
                                            Tk {
                                                class: Str,
                                                span: Span {
                                                    range: 67..70,
                                                    source: "echo foo | sed s/foo/bar/ && echo bar | sed s/bar/foo/ || echo foo bar | sed s/foo bar/bar foo/",
                                                },
                                                flags: TkFlags(
                                                    0x0,
                                                ),
                                            },
                                        ],
                                    },
                                    Node {
                                        class: Command {
                                            assignments: [],
                                            argv: [
                                                Tk {
                                                    class: Str,
                                                    span: Span {
                                                        range: 73..76,
                                                        source: "echo foo | sed s/foo/bar/ && echo bar | sed s/bar/foo/ || echo foo bar | sed s/foo bar/bar foo/",
                                                    },
                                                    flags: TkFlags(
                                                        IS_CMD,
                                                    ),
                                                },
                                                Tk {
                                                    class: Str,
                                                    span: Span {
                                                        range: 77..82,
                                                        source: "echo foo | sed s/foo/bar/ && echo bar | sed s/bar/foo/ || echo foo bar | sed s/foo bar/bar foo/",
                                                    },
                                                    flags: TkFlags(
                                                        0x0,
                                                    ),
                                                },
                                                Tk {
                                                    class: Str,
                                                    span: Span {
                                                        range: 83..90,
                                                        source: "echo foo | sed s/foo/bar/ && echo bar | sed s/bar/foo/ || echo foo bar | sed s/foo bar/bar foo/",
                                                    },
                                                    flags: TkFlags(
                                                        0x0,
                                                    ),
                                                },
                                                Tk {
                                                    class: Str,
                                                    span: Span {
                                                        range: 91..95,
                                                        source: "echo foo | sed s/foo/bar/ && echo bar | sed s/bar/foo/ || echo foo bar | sed s/foo bar/bar foo/",
                                                    },
                                                    flags: TkFlags(
                                                        0x0,
                                                    ),
                                                },
                                            ],
                                        },
                                        flags: NdFlags(
                                            0x0,
                                        ),
                                        redirs: [],
                                        tokens: [
                                            Tk {
                                                class: Str,
                                                span: Span {
                                                    range: 73..76,
                                                    source: "echo foo | sed s/foo/bar/ && echo bar | sed s/bar/foo/ || echo foo bar | sed s/foo bar/bar foo/",
                                                },
                                                flags: TkFlags(
                                                    IS_CMD,
                                                ),
                                            },
                                            Tk {
                                                class: Str,
                                                span: Span {
                                                    range: 77..82,
                                                    source: "echo foo | sed s/foo/bar/ && echo bar | sed s/bar/foo/ || echo foo bar | sed s/foo bar/bar foo/",
                                                },
                                                flags: TkFlags(
                                                    0x0,
                                                ),
                                            },
                                            Tk {
                                                class: Str,
                                                span: Span {
                                                    range: 83..90,
                                                    source: "echo foo | sed s/foo/bar/ && echo bar | sed s/bar/foo/ || echo foo bar | sed s/foo bar/bar foo/",
                                                },
                                                flags: TkFlags(
                                                    0x0,
                                                ),
                                            },
                                            Tk {
                                                class: Str,
                                                span: Span {
                                                    range: 91..95,
                                                    source: "echo foo | sed s/foo/bar/ && echo bar | sed s/bar/foo/ || echo foo bar | sed s/foo bar/bar foo/",
                                                },
                                                flags: TkFlags(
                                                    0x0,
                                                ),
                                            },
                                        ],
                                    },
                                ],
                                pipe_err: false,
                            },
                            flags: NdFlags(
                                0x0,
                            ),
                            redirs: [],
                            tokens: [
                                Tk {
                                    class: Str,
                                    span: Span {
                                        range: 58..62,
                                        source: "echo foo | sed s/foo/bar/ && echo bar | sed s/bar/foo/ || echo foo bar | sed s/foo bar/bar foo/",
                                    },
                                    flags: TkFlags(
                                        IS_CMD | BUILTIN,
                                    ),
                                },
                                Tk {
                                    class: Str,
                                    span: Span {
                                        range: 63..66,
                                        source: "echo foo | sed s/foo/bar/ && echo bar | sed s/bar/foo/ || echo foo bar | sed s/foo bar/bar foo/",
                                    },
                                    flags: TkFlags(
                                        0x0,
                                    ),
                                },
                                Tk {
                                    class: Str,
                                    span: Span {
                                        range: 67..70,
                                        source: "echo foo | sed s/foo/bar/ && echo bar | sed s/bar/foo/ || echo foo bar | sed s/foo bar/bar foo/",
                                    },
                                    flags: TkFlags(
                                        0x0,
                                    ),
                                },
                                Tk {
                                    class: Pipe,
                                    span: Span {
                                        range: 71..72,
                                        source: "echo foo | sed s/foo/bar/ && echo bar | sed s/bar/foo/ || echo foo bar | sed s/foo bar/bar foo/",
                                    },
                                    flags: TkFlags(
                                        0x0,
                                    ),
                                },
                                Tk {
                                    class: Str,
                                    span: Span {
                                        range: 73..76,
                                        source: "echo foo | sed s/foo/bar/ && echo bar | sed s/bar/foo/ || echo foo bar | sed s/foo bar/bar foo/",
                                    },
                                    flags: TkFlags(
                                        IS_CMD,
                                    ),
                                },
                                Tk {
                                    class: Str,
                                    span: Span {
                                        range: 77..82,
                                        source: "echo foo | sed s/foo/bar/ && echo bar | sed s/bar/foo/ || echo foo bar | sed s/foo bar/bar foo/",
                                    },
                                    flags: TkFlags(
                                        0x0,
                                    ),
                                },
                                Tk {
                                    class: Str,
                                    span: Span {
                                        range: 83..90,
                                        source: "echo foo | sed s/foo/bar/ && echo bar | sed s/bar/foo/ || echo foo bar | sed s/foo bar/bar foo/",
                                    },
                                    flags: TkFlags(
                                        0x0,
                                    ),
                                },
                                Tk {
                                    class: Str,
                                    span: Span {
                                        range: 91..95,
                                        source: "echo foo | sed s/foo/bar/ && echo bar | sed s/bar/foo/ || echo foo bar | sed s/foo bar/bar foo/",
                                    },
                                    flags: TkFlags(
                                        0x0,
                                    ),
                                },
                            ],
                        },
                        operator: Null,
                    },
                ],
            },
            flags: NdFlags(
                0x0,
            ),
            redirs: [],
            tokens: [
                Tk {
                    class: Str,
                    span: Span {
                        range: 0..4,
                        source: "echo foo | sed s/foo/bar/ && echo bar | sed s/bar/foo/ || echo foo bar | sed s/foo bar/bar foo/",
                    },
                    flags: TkFlags(
                        IS_CMD | BUILTIN,
                    ),
                },
                Tk {
                    class: Str,
                    span: Span {
                        range: 5..8,
                        source: "echo foo | sed s/foo/bar/ && echo bar | sed s/bar/foo/ || echo foo bar | sed s/foo bar/bar foo/",
                    },
                    flags: TkFlags(
                        0x0,
                    ),
                },
                Tk {
                    class: Pipe,
                    span: Span {
                        range: 9..10,
                        source: "echo foo | sed s/foo/bar/ && echo bar | sed s/bar/foo/ || echo foo bar | sed s/foo bar/bar foo/",
                    },
                    flags: TkFlags(
                        0x0,
                    ),
                },
                Tk {
                    class: Str,
                    span: Span {
                        range: 11..14,
                        source: "echo foo | sed s/foo/bar/ && echo bar | sed s/bar/foo/ || echo foo bar | sed s/foo bar/bar foo/",
                    },
                    flags: TkFlags(
                        IS_CMD,
                    ),
                },
                Tk {
                    class: Str,
                    span: Span {
                        range: 15..25,
                        source: "echo foo | sed s/foo/bar/ && echo bar | sed s/bar/foo/ || echo foo bar | sed s/foo bar/bar foo/",
                    },
                    flags: TkFlags(
                        0x0,
                    ),
                },
                Tk {
                    class: And,
                    span: Span {
                        range: 26..28,
                        source: "echo foo | sed s/foo/bar/ && echo bar | sed s/bar/foo/ || echo foo bar | sed s/foo bar/bar foo/",
                    },
                    flags: TkFlags(
                        0x0,
                    ),
                },
                Tk {
                    class: Str,
                    span: Span {
                        range: 29..33,
                        source: "echo foo | sed s/foo/bar/ && echo bar | sed s/bar/foo/ || echo foo bar | sed s/foo bar/bar foo/",
                    },
                    flags: TkFlags(
                        IS_CMD | BUILTIN,
                    ),
                },
                Tk {
                    class: Str,
                    span: Span {
                        range: 34..37,
                        source: "echo foo | sed s/foo/bar/ && echo bar | sed s/bar/foo/ || echo foo bar | sed s/foo bar/bar foo/",
                    },
                    flags: TkFlags(
                        0x0,
                    ),
                },
                Tk {
                    class: Pipe,
                    span: Span {
                        range: 38..39,
                        source: "echo foo | sed s/foo/bar/ && echo bar | sed s/bar/foo/ || echo foo bar | sed s/foo bar/bar foo/",
                    },
                    flags: TkFlags(
                        0x0,
                    ),
                },
                Tk {
                    class: Str,
                    span: Span {
                        range: 40..43,
                        source: "echo foo | sed s/foo/bar/ && echo bar | sed s/bar/foo/ || echo foo bar | sed s/foo bar/bar foo/",
                    },
                    flags: TkFlags(
                        IS_CMD,
                    ),
                },
                Tk {
                    class: Str,
                    span: Span {
                        range: 44..54,
                        source: "echo foo | sed s/foo/bar/ && echo bar | sed s/bar/foo/ || echo foo bar | sed s/foo bar/bar foo/",
                    },
                    flags: TkFlags(
                        0x0,
                    ),
                },
                Tk {
                    class: Or,
                    span: Span {
                        range: 55..57,
                        source: "echo foo | sed s/foo/bar/ && echo bar | sed s/bar/foo/ || echo foo bar | sed s/foo bar/bar foo/",
                    },
                    flags: TkFlags(
                        0x0,
                    ),
                },
                Tk {
                    class: Str,
                    span: Span {
                        range: 58..62,
                        source: "echo foo | sed s/foo/bar/ && echo bar | sed s/bar/foo/ || echo foo bar | sed s/foo bar/bar foo/",
                    },
                    flags: TkFlags(
                        IS_CMD | BUILTIN,
                    ),
                },
                Tk {
                    class: Str,
                    span: Span {
                        range: 63..66,
                        source: "echo foo | sed s/foo/bar/ && echo bar | sed s/bar/foo/ || echo foo bar | sed s/foo bar/bar foo/",
                    },
                    flags: TkFlags(
                        0x0,
                    ),
                },
                Tk {
                    class: Str,
                    span: Span {
                        range: 67..70,
                        source: "echo foo | sed s/foo/bar/ && echo bar | sed s/bar/foo/ || echo foo bar | sed s/foo bar/bar foo/",
                    },
                    flags: TkFlags(
                        0x0,
                    ),
                },
                Tk {
                    class: Pipe,
                    span: Span {
                        range: 71..72,
                        source: "echo foo | sed s/foo/bar/ && echo bar | sed s/bar/foo/ || echo foo bar | sed s/foo bar/bar foo/",
                    },
                    flags: TkFlags(
                        0x0,
                    ),
                },
                Tk {
                    class: Str,
                    span: Span {
                        range: 73..76,
                        source: "echo foo | sed s/foo/bar/ && echo bar | sed s/bar/foo/ || echo foo bar | sed s/foo bar/bar foo/",
                    },
                    flags: TkFlags(
                        IS_CMD,
                    ),
                },
                Tk {
                    class: Str,
                    span: Span {
                        range: 77..82,
                        source: "echo foo | sed s/foo/bar/ && echo bar | sed s/bar/foo/ || echo foo bar | sed s/foo bar/bar foo/",
                    },
                    flags: TkFlags(
                        0x0,
                    ),
                },
                Tk {
                    class: Str,
                    span: Span {
                        range: 83..90,
                        source: "echo foo | sed s/foo/bar/ && echo bar | sed s/bar/foo/ || echo foo bar | sed s/foo bar/bar foo/",
                    },
                    flags: TkFlags(
                        0x0,
                    ),
                },
                Tk {
                    class: Str,
                    span: Span {
                        range: 91..95,
                        source: "echo foo | sed s/foo/bar/ && echo bar | sed s/bar/foo/ || echo foo bar | sed s/foo bar/bar foo/",
                    },
                    flags: TkFlags(
                        0x0,
                    ),
                },
            ],
        },
    ),
]
