---
source: src/tests/lexer.rs
expression: tokens
---
[
    Ok(
        Tk {
            class: SOI,
            span: Span {
                range: 0..0,
                source: "echo foo > bar.txt",
            },
            flags: TkFlags(
                0x0,
            ),
        },
    ),
    Ok(
        Tk {
            class: Str,
            span: Span {
                range: 0..4,
                source: "echo foo > bar.txt",
            },
            flags: TkFlags(
                IS_CMD | BUILTIN,
            ),
        },
    ),
    Ok(
        Tk {
            class: Str,
            span: Span {
                range: 5..8,
                source: "echo foo > bar.txt",
            },
            flags: TkFlags(
                0x0,
            ),
        },
    ),
    Ok(
        Tk {
            class: Redir,
            span: Span {
                range: 9..10,
                source: "echo foo > bar.txt",
            },
            flags: TkFlags(
                0x0,
            ),
        },
    ),
    Ok(
        Tk {
            class: Str,
            span: Span {
                range: 11..18,
                source: "echo foo > bar.txt",
            },
            flags: TkFlags(
                0x0,
            ),
        },
    ),
    Ok(
        Tk {
            class: EOI,
            span: Span {
                range: 18..18,
                source: "echo foo > bar.txt",
            },
            flags: TkFlags(
                0x0,
            ),
        },
    ),
]
