---
source: src/tests/lexer.rs
expression: tokens
---
[
    Tk {
        class: SOI,
        err_span: None,
        err: Null,
        span: Span {
            range: 0..0,
            source: "echo hello world",
        },
        flags: TkFlags(
            0x0,
        ),
    },
    Tk {
        class: Str,
        err_span: None,
        err: Null,
        span: Span {
            range: 0..4,
            source: "echo hello world",
        },
        flags: TkFlags(
            IS_CMD | BUILTIN,
        ),
    },
    Tk {
        class: Str,
        err_span: None,
        err: Null,
        span: Span {
            range: 5..10,
            source: "echo hello world",
        },
        flags: TkFlags(
            0x0,
        ),
    },
    Tk {
        class: Str,
        err_span: None,
        err: Null,
        span: Span {
            range: 11..16,
            source: "echo hello world",
        },
        flags: TkFlags(
            0x0,
        ),
    },
    Tk {
        class: EOI,
        err_span: None,
        err: Null,
        span: Span {
            range: 16..16,
            source: "echo hello world",
        },
        flags: TkFlags(
            0x0,
        ),
    },
]
